// Jest Snapshot v1, https://goo.gl/fbAQLP

exports[`should render 1`] = `
<div>
  <div>
    <canvas
      height="0"
      style="display: block; box-sizing: border-box; width: 0px; height: 0px;"
      width="0"
    />
  </div>
</div>
`;
