// Jest Snapshot v1, https://goo.gl/fbAQLP

exports[`should render 1`] = `"<div class=\\"time-series__TimeSeriesContainer-sc-1efg098-1 dKPNlD\\"><div class=\\"line-chart__LineChartContainer-sc-12ede8g-0 bCToO time-series___StyledLineChart-sc-1efg098-2 ccdaRm\\"><canvas style=\\"display: block; box-sizing: border-box; width: 0px; height: 0px;\\" height=\\"0\\" width=\\"0\\"></canvas></div><div class=\\"ant-radio-group ant-radio-group-solid time-series__StyledMenu-sc-1efg098-0 jLbcMb\\"><label class=\\"ant-radio-button-wrapper\\"><span class=\\"ant-radio-button\\"><input type=\\"radio\\" class=\\"ant-radio-button-input\\" value=\\"day\\"><span class=\\"ant-radio-button-inner\\"></span></span><span>Daily</span></label><label class=\\"ant-radio-button-wrapper ant-radio-button-wrapper-checked\\"><span class=\\"ant-radio-button ant-radio-button-checked\\"><input type=\\"radio\\" class=\\"ant-radio-button-input\\" value=\\"week\\" checked=\\"\\"><span class=\\"ant-radio-button-inner\\"></span></span><span>Weekly</span></label><label class=\\"ant-radio-button-wrapper\\"><span class=\\"ant-radio-button\\"><input type=\\"radio\\" class=\\"ant-radio-button-input\\" value=\\"month\\"><span class=\\"ant-radio-button-inner\\"></span></span><span>Monthly</span></label></div></div>"`;
